// Jest Snapshot v1, https://goo.gl/fbAQLP

exports[`Toggle Switch Component should match snapshot 1`] = `ShallowWrapper {}`;
